
> ats-totvs-web@0.0.0 test
> ng test --watch=false --browsers=ChromeHeadless

node.exe : - Generating browser application bundles (phase: setup)...
No C:\nvm4w\nodejs\npm.ps1:29 caractere:3
+   & $NODE_EXE $NPM_CLI_JS $args
+   ~~~~~~~~~~~~~~~~~~~~~~~~~~~~~
    + CategoryInfo          : NotSpecified: (- Generating br...hase: setup 
   )...:String) [], RemoteException
    + FullyQualifiedErrorId : NativeCommandError
 
Ô£ö Browser application bundle generation complete.
[32m10 11 2025 18:29:46.799:INFO [karma-server]: [39mKarma v6.4.4 server started at http://localhost:9876/
[32m10 11 2025 18:29:46.801:INFO [launcher]: [39mLaunching browsers ChromeHeadless with concurrency unlimited
[32m10 11 2025 18:29:46.814:INFO [launcher]: [39mStarting browser ChromeHeadless
[32m10 11 2025 18:29:48.052:INFO [Chrome Headless 142.0.0.0 (Windows 10)]: [39mConnected on socket ytT9P8G6UN4c0etyAAAB with id 51429986
Chrome Headless 142.0.0.0 (Windows 10): Executed 0 of 41[32m SUCCESS[39m (0 secs / 0 secs)
[1A[2KChrome Headless 142.0.0.0 (Windows 10): Executed 1 of 41[32m SUCCESS[39m (0 secs / 0.014 secs)
[1A[2KChrome Headless 142.0.0.0 (Windows 10): Executed 2 of 41[32m SUCCESS[39m (0 secs / 0.017 secs)
[1A[2KChrome Headless 142.0.0.0 (Windows 10): Executed 3 of 41[32m SUCCESS[39m (0 secs / 0.021 secs)
[1A[2KChrome Headless 142.0.0.0 (Windows 10): Executed 4 of 41[32m SUCCESS[39m (0 secs / 0.023 secs)
[1A[2KChrome Headless 142.0.0.0 (Windows 10): Executed 5 of 41[32m SUCCESS[39m (0 secs / 0.025 secs)
[1A[2KChrome Headless 142.0.0.0 (Windows 10): Executed 6 of 41[32m SUCCESS[39m (0 secs / 0.027 secs)
[1A[2KChrome Headless 142.0.0.0 (Windows 10): Executed 7 of 41[32m SUCCESS[39m (0 secs / 0.081 secs)
[1A[2KChrome Headless 142.0.0.0 (Windows 10): Executed 8 of 41[32m SUCCESS[39m (0 secs / 0.088 secs)
[1A[2KChrome Headless 142.0.0.0 (Windows 10): Executed 9 of 41[32m SUCCESS[39m (0 secs / 0.15 secs)
[1A[2KERROR: [36mError: Validation error
Error: Validation error
    at UserContext.apply (http://localhost:9876/_karma_webpack_/webpack:/src/app/candidatos/pages/candidatos-criar-editar/candidatos-criar-editar.component.spec.ts:217:21)
    at _ZoneDelegate.invoke (http://localhost:9876/_karma_webpack_/webpack:/node_modules/zone.js/fesm2015/zone.js:398:28)
    at ProxyZoneSpec.onInvoke (http://localhost:9876/_karma_webpack_/webpack:/node_modules/zone.js/fesm2015/zone-testing.js:2132:39)
    at _ZoneDelegate.invoke (http://localhost:9876/_karma_webpack_/webpack:/node_modules/zone.js/fesm2015/zone.js:397:34)
    at ZoneImpl.run (http://localhost:9876/_karma_webpack_/webpack:/node_modules/zone.js/fesm2015/zone.js:113:43)
    at runInTestZone (http://localhost:9876/_karma_webpack_/webpack:/node_modules/zone.js/fesm2015/zone-testing.js:213:38)
    at UserContext.<anonymous> (http://localhost:9876/_karma_webpack_/webpack:/node_modules/zone.js/fesm2015/zone-testing.js:231:32)
    at ZoneQueueRunner.attempt (http://localhost:9876/base/node_modules/karma-jasmine/node_modules/jasmine-core/lib/jasmine-core/jasmine.js?86d98e11f43f2c8cfac9fb4806ed6c0aced74cbe:7643:40)
    at ZoneQueueRunner.QueueRunner.run (http://localhost:9876/base/node_modules/karma-jasmine/node_modules/jasmine-core/lib/jasmine-core/jasmine.js?86d98e11f43f2c8cfac9fb4806ed6c0aced74cbe:7670:27)
    at runNext (http://localhost:9876/base/node_modules/karma-jasmine/node_modules/jasmine-core/lib/jasmine-core/jasmine.js?86d98e11f43f2c8cfac9fb4806ed6c0aced74cbe:7574:16)[39m
Chrome Headless 142.0.0.0 (Windows 10): Executed 9 of 41[32m SUCCESS[39m (0 secs / 0.15 secs)
ERROR: Error: Validation error
Error: Validation error
    at UserContext.apply (http://localhost:9876/_karma_webpack_/webpack:/src/app/candidatos/pages/candidatos-criar-editar/candidatos-criar-editar.component.spec.ts:217:21)
    at _ZoneDelegate.invoke (http://localhost:9876/_karma_webpack_/webpack:/node_modules/zone.js/fesm2015/zone.js:398:28)
    at ProxyZoneSpec.onInvoke (http://localhost:9876/_karma_webpack_/webpack:/node_modules/zone.js/fesm2015/zone-testing.js:2132:39)
    at _ZoneDelegate.invoke (http://localhost:9876/_karma_webpack_/webpack:/node_modules/zone.js/fesm2015/zone.js:397:34)
    at ZoneImpl.run (http://localhost:9876/_karma_webpack_/webpack:/node_modules/zone.js/fesm2015/zone.js:113:43)
    at runInTestZone (http://localhost:9876/_karma_webpack_/webpack:/node_modules/zone.js/fesm2015/zone-testing.js:213:38)
    at UserContext.<anonymous> (http://localhost:9876/_karma_webpack_/webpack:/node_modules/zone.js/fesm2015/zone-testing.js:231:32)
    at ZoneQueueRunner.attempt (http://localhost:9876/base/node_modules/karma-jasmine/node_modules/jasmine-core/lib/jasmine-core/jasmine.js?86d98e11f43f2c8cfac9fb4806ed6c0aced74cbe:7643:40)
    at ZoneQueueRunner.QueueRunner.run (http://localhost:9876/base/node_modules/karma-jasmine/node_modules/jasmine-core/lib/jasmine-core/jasmine.js?86d98e11f43f2c8cfac9fb4806ed6c0aced74cbe:7670:27)
    at runNext (http://localhost:9876/base/node_modules/karma-jasmine/node_modules/jasmine-core/lib/jasmine-core/jasmine.js?86d98e11f43f2c8cfac9fb4806ed6c0aced74cbe:7574:16)
[1A[2KChrome Headless 142.0.0.0 (Windows 10): Executed 10 of 41[32m SUCCESS[39m (0 secs / 0.297 secs)
[1A[2KChrome Headless 142.0.0.0 (Windows 10): Executed 11 of 41[32m SUCCESS[39m (0 secs / 0.431 secs)
[1A[2KChrome Headless 142.0.0.0 (Windows 10): Executed 12 of 41[32m SUCCESS[39m (0 secs / 0.581 secs)
[1A[2KChrome Headless 142.0.0.0 (Windows 10): Executed 13 of 41[32m SUCCESS[39m (0 secs / 0.612 secs)
[1A[2KERROR: [36mError: Not found
Error: Not found
    at UserContext.apply (http://localhost:9876/_karma_webpack_/webpack:/src/app/candidatos/pages/candidatos-criar-editar/candidatos-criar-editar.component.spec.ts:181:21)
    at _ZoneDelegate.invoke (http://localhost:9876/_karma_webpack_/webpack:/node_modules/zone.js/fesm2015/zone.js:398:28)
    at ProxyZoneSpec.onInvoke (http://localhost:9876/_karma_webpack_/webpack:/node_modules/zone.js/fesm2015/zone-testing.js:2132:39)
    at _ZoneDelegate.invoke (http://localhost:9876/_karma_webpack_/webpack:/node_modules/zone.js/fesm2015/zone.js:397:34)
    at ZoneImpl.run (http://localhost:9876/_karma_webpack_/webpack:/node_modules/zone.js/fesm2015/zone.js:113:43)
    at runInTestZone (http://localhost:9876/_karma_webpack_/webpack:/node_modules/zone.js/fesm2015/zone-testing.js:213:38)
    at UserContext.<anonymous> (http://localhost:9876/_karma_webpack_/webpack:/node_modules/zone.js/fesm2015/zone-testing.js:231:32)
    at ZoneQueueRunner.attempt (http://localhost:9876/base/node_modules/karma-jasmine/node_modules/jasmine-core/lib/jasmine-core/jasmine.js?86d98e11f43f2c8cfac9fb4806ed6c0aced74cbe:7643:40)
    at ZoneQueueRunner.QueueRunner.run (http://localhost:9876/base/node_modules/karma-jasmine/node_modules/jasmine-core/lib/jasmine-core/jasmine.js?86d98e11f43f2c8cfac9fb4806ed6c0aced74cbe:7670:27)
    at runNext (http://localhost:9876/base/node_modules/karma-jasmine/node_modules/jasmine-core/lib/jasmine-core/jasmine.js?86d98e11f43f2c8cfac9fb4806ed6c0aced74cbe:7574:16)[39m
Chrome Headless 142.0.0.0 (Windows 10): Executed 13 of 41[32m SUCCESS[39m (0 secs / 0.612 secs)
ERROR: Error: Not found
Error: Not found
    at UserContext.apply (http://localhost:9876/_karma_webpack_/webpack:/src/app/candidatos/pages/candidatos-criar-editar/candidatos-criar-editar.component.spec.ts:181:21)
    at _ZoneDelegate.invoke (http://localhost:9876/_karma_webpack_/webpack:/node_modules/zone.js/fesm2015/zone.js:398:28)
    at ProxyZoneSpec.onInvoke (http://localhost:9876/_karma_webpack_/webpack:/node_modules/zone.js/fesm2015/zone-testing.js:2132:39)
    at _ZoneDelegate.invoke (http://localhost:9876/_karma_webpack_/webpack:/node_modules/zone.js/fesm2015/zone.js:397:34)
    at ZoneImpl.run (http://localhost:9876/_karma_webpack_/webpack:/node_modules/zone.js/fesm2015/zone.js:113:43)
    at runInTestZone (http://localhost:9876/_karma_webpack_/webpack:/node_modules/zone.js/fesm2015/zone-testing.js:213:38)
    at UserContext.<anonymous> (http://localhost:9876/_karma_webpack_/webpack:/node_modules/zone.js/fesm2015/zone-testing.js:231:32)
    at ZoneQueueRunner.attempt (http://localhost:9876/base/node_modules/karma-jasmine/node_modules/jasmine-core/lib/jasmine-core/jasmine.js?86d98e11f43f2c8cfac9fb4806ed6c0aced74cbe:7643:40)
    at ZoneQueueRunner.QueueRunner.run (http://localhost:9876/base/node_modules/karma-jasmine/node_modules/jasmine-core/lib/jasmine-core/jasmine.js?86d98e11f43f2c8cfac9fb4806ed6c0aced74cbe:7670:27)
    at runNext (http://localhost:9876/base/node_modules/karma-jasmine/node_modules/jasmine-core/lib/jasmine-core/jasmine.js?86d98e11f43f2c8cfac9fb4806ed6c0aced74cbe:7574:16)
[1A[2KChrome Headless 142.0.0.0 (Windows 10): Executed 14 of 41[32m SUCCESS[39m (0 secs / 0.757 secs)
[1A[2KChrome Headless 142.0.0.0 (Windows 10): Executed 15 of 41[32m SUCCESS[39m (0 secs / 0.886 secs)
[1A[2KERROR: [36mError: Network error
Error: Network error
    at UserContext.apply (http://localhost:9876/_karma_webpack_/webpack:/src/app/candidatos/pages/candidatos-criar-editar/candidatos-criar-editar.component.spec.ts:128:21)
    at _ZoneDelegate.invoke (http://localhost:9876/_karma_webpack_/webpack:/node_modules/zone.js/fesm2015/zone.js:398:28)
    at ProxyZoneSpec.onInvoke (http://localhost:9876/_karma_webpack_/webpack:/node_modules/zone.js/fesm2015/zone-testing.js:2132:39)
    at _ZoneDelegate.invoke (http://localhost:9876/_karma_webpack_/webpack:/node_modules/zone.js/fesm2015/zone.js:397:34)
    at ZoneImpl.run (http://localhost:9876/_karma_webpack_/webpack:/node_modules/zone.js/fesm2015/zone.js:113:43)
    at runInTestZone (http://localhost:9876/_karma_webpack_/webpack:/node_modules/zone.js/fesm2015/zone-testing.js:213:38)
    at UserContext.<anonymous> (http://localhost:9876/_karma_webpack_/webpack:/node_modules/zone.js/fesm2015/zone-testing.js:231:32)
    at ZoneQueueRunner.attempt (http://localhost:9876/base/node_modules/karma-jasmine/node_modules/jasmine-core/lib/jasmine-core/jasmine.js?86d98e11f43f2c8cfac9fb4806ed6c0aced74cbe:7643:40)
    at ZoneQueueRunner.QueueRunner.run (http://localhost:9876/base/node_modules/karma-jasmine/node_modules/jasmine-core/lib/jasmine-core/jasmine.js?86d98e11f43f2c8cfac9fb4806ed6c0aced74cbe:7670:27)
    at runNext (http://localhost:9876/base/node_modules/karma-jasmine/node_modules/jasmine-core/lib/jasmine-core/jasmine.js?86d98e11f43f2c8cfac9fb4806ed6c0aced74cbe:7574:16)[39m
Chrome Headless 142.0.0.0 (Windows 10): Executed 15 of 41[32m SUCCESS[39m (0 secs / 0.886 secs)
ERROR: Error: Network error
Error: Network error
    at UserContext.apply (http://localhost:9876/_karma_webpack_/webpack:/src/app/candidatos/pages/candidatos-criar-editar/candidatos-criar-editar.component.spec.ts:128:21)
    at _ZoneDelegate.invoke (http://localhost:9876/_karma_webpack_/webpack:/node_modules/zone.js/fesm2015/zone.js:398:28)
    at ProxyZoneSpec.onInvoke (http://localhost:9876/_karma_webpack_/webpack:/node_modules/zone.js/fesm2015/zone-testing.js:2132:39)
    at _ZoneDelegate.invoke (http://localhost:9876/_karma_webpack_/webpack:/node_modules/zone.js/fesm2015/zone.js:397:34)
    at ZoneImpl.run (http://localhost:9876/_karma_webpack_/webpack:/node_modules/zone.js/fesm2015/zone.js:113:43)
    at runInTestZone (http://localhost:9876/_karma_webpack_/webpack:/node_modules/zone.js/fesm2015/zone-testing.js:213:38)
    at UserContext.<anonymous> (http://localhost:9876/_karma_webpack_/webpack:/node_modules/zone.js/fesm2015/zone-testing.js:231:32)
    at ZoneQueueRunner.attempt (http://localhost:9876/base/node_modules/karma-jasmine/node_modules/jasmine-core/lib/jasmine-core/jasmine.js?86d98e11f43f2c8cfac9fb4806ed6c0aced74cbe:7643:40)
    at ZoneQueueRunner.QueueRunner.run (http://localhost:9876/base/node_modules/karma-jasmine/node_modules/jasmine-core/lib/jasmine-core/jasmine.js?86d98e11f43f2c8cfac9fb4806ed6c0aced74cbe:7670:27)
    at runNext (http://localhost:9876/base/node_modules/karma-jasmine/node_modules/jasmine-core/lib/jasmine-core/jasmine.js?86d98e11f43f2c8cfac9fb4806ed6c0aced74cbe:7574:16)
[1A[2KChrome Headless 142.0.0.0 (Windows 10): Executed 16 of 41[32m SUCCESS[39m (0 secs / 1.024 secs)
[1A[2KChrome Headless 142.0.0.0 (Windows 10): Executed 17 of 41[32m SUCCESS[39m (0 secs / 1.164 secs)
[1A[2KChrome Headless 142.0.0.0 (Windows 10): Executed 18 of 41[32m SUCCESS[39m (0 secs / 1.307 secs)
[1A[2KChrome Headless 142.0.0.0 (Windows 10): Executed 19 of 41[32m SUCCESS[39m (0 secs / 1.312 secs)
[1A[2KChrome Headless 142.0.0.0 (Windows 10): Executed 20 of 41[32m SUCCESS[39m (0 secs / 1.317 secs)
[1A[2KChrome Headless 142.0.0.0 (Windows 10): Executed 21 of 41[32m SUCCESS[39m (0 secs / 1.318 secs)
[1A[2KChrome Headless 142.0.0.0 (Windows 10): Executed 22 of 41[32m SUCCESS[39m (0 secs / 1.336 secs)
[1A[2KChrome Headless 142.0.0.0 (Windows 10): Executed 23 of 41[32m SUCCESS[39m (0 secs / 1.34 secs)
[1A[2KChrome Headless 142.0.0.0 (Windows 10): Executed 24 of 41[32m SUCCESS[39m (0 secs / 1.396 secs)
[1A[2KChrome Headless 142.0.0.0 (Windows 10): Executed 25 of 41[32m SUCCESS[39m (0 secs / 1.435 secs)
[1A[2KERROR: [36m'Erro ao carregar candidatos:', Error: Network error
Error: Network error
    at UserContext.apply (http://localhost:9876/_karma_webpack_/webpack:/src/app/candidatos/pages/candidatos-home/candidatos-home.component.spec.ts:129:19)
    at _ZoneDelegate.invoke (http://localhost:9876/_karma_webpack_/webpack:/node_modules/zone.js/fesm2015/zone.js:398:28)
    at ProxyZoneSpec.onInvoke (http://localhost:9876/_karma_webpack_/webpack:/node_modules/zone.js/fesm2015/zone-testing.js:2132:39)
    at _ZoneDelegate.invoke (http://localhost:9876/_karma_webpack_/webpack:/node_modules/zone.js/fesm2015/zone.js:397:34)
    at ZoneImpl.run (http://localhost:9876/_karma_webpack_/webpack:/node_modules/zone.js/fesm2015/zone.js:113:43)
    at runInTestZone (http://localhost:9876/_karma_webpack_/webpack:/node_modules/zone.js/fesm2015/zone-testing.js:213:38)
    at UserContext.<anonymous> (http://localhost:9876/_karma_webpack_/webpack:/node_modules/zone.js/fesm2015/zone-testing.js:231:32)
    at ZoneQueueRunner.attempt (http://localhost:9876/base/node_modules/karma-jasmine/node_modules/jasmine-core/lib/jasmine-core/jasmine.js?86d98e11f43f2c8cfac9fb4806ed6c0aced74cbe:7643:40)
    at ZoneQueueRunner.QueueRunner.run (http://localhost:9876/base/node_modules/karma-jasmine/node_modules/jasmine-core/lib/jasmine-core/jasmine.js?86d98e11f43f2c8cfac9fb4806ed6c0aced74cbe:7670:27)
    at runNext (http://localhost:9876/base/node_modules/karma-jasmine/node_modules/jasmine-core/lib/jasmine-core/jasmine.js?86d98e11f43f2c8cfac9fb4806ed6c0aced74cbe:7574:16)[39m
Chrome Headless 142.0.0.0 (Windows 10): Executed 25 of 41[32m SUCCESS[39m (0 secs / 1.435 secs)
ERROR: 'Erro ao carregar candidatos:', Error: Network error
Error: Network error
    at UserContext.apply (http://localhost:9876/_karma_webpack_/webpack:/src/app/candidatos/pages/candidatos-home/candidatos-home.component.spec.ts:129:19)
    at _ZoneDelegate.invoke (http://localhost:9876/_karma_webpack_/webpack:/node_modules/zone.js/fesm2015/zone.js:398:28)
    at ProxyZoneSpec.onInvoke (http://localhost:9876/_karma_webpack_/webpack:/node_modules/zone.js/fesm2015/zone-testing.js:2132:39)
    at _ZoneDelegate.invoke (http://localhost:9876/_karma_webpack_/webpack:/node_modules/zone.js/fesm2015/zone.js:397:34)
    at ZoneImpl.run (http://localhost:9876/_karma_webpack_/webpack:/node_modules/zone.js/fesm2015/zone.js:113:43)
    at runInTestZone (http://localhost:9876/_karma_webpack_/webpack:/node_modules/zone.js/fesm2015/zone-testing.js:213:38)
    at UserContext.<anonymous> (http://localhost:9876/_karma_webpack_/webpack:/node_modules/zone.js/fesm2015/zone-testing.js:231:32)
    at ZoneQueueRunner.attempt (http://localhost:9876/base/node_modules/karma-jasmine/node_modules/jasmine-core/lib/jasmine-core/jasmine.js?86d98e11f43f2c8cfac9fb4806ed6c0aced74cbe:7643:40)
    at ZoneQueueRunner.QueueRunner.run (http://localhost:9876/base/node_modules/karma-jasmine/node_modules/jasmine-core/lib/jasmine-core/jasmine.js?86d98e11f43f2c8cfac9fb4806ed6c0aced74cbe:7670:27)
    at runNext (http://localhost:9876/base/node_modules/karma-jasmine/node_modules/jasmine-core/lib/jasmine-core/jasmine.js?86d98e11f43f2c8cfac9fb4806ed6c0aced74cbe:7574:16)
[1A[2KChrome Headless 142.0.0.0 (Windows 10): Executed 26 of 41[32m SUCCESS[39m (0 secs / 1.764 secs)
[1A[2KChrome Headless 142.0.0.0 (Windows 10): Executed 27 of 41[32m SUCCESS[39m (0 secs / 1.772 secs)
[1A[2KChrome Headless 142.0.0.0 (Windows 10): Executed 28 of 41[32m SUCCESS[39m (0 secs / 1.803 secs)
[1A[2KERROR: [36m'Erro ao excluir candidato:', Error: Error deleting candidato
Error: Error deleting candidato
    at UserContext.apply (http://localhost:9876/_karma_webpack_/webpack:/src/app/candidatos/pages/candidatos-home/candidatos-home.component.spec.ts:201:19)
    at _ZoneDelegate.invoke (http://localhost:9876/_karma_webpack_/webpack:/node_modules/zone.js/fesm2015/zone.js:398:28)
    at ProxyZoneSpec.onInvoke (http://localhost:9876/_karma_webpack_/webpack:/node_modules/zone.js/fesm2015/zone-testing.js:2132:39)
    at _ZoneDelegate.invoke (http://localhost:9876/_karma_webpack_/webpack:/node_modules/zone.js/fesm2015/zone.js:397:34)
    at ZoneImpl.run (http://localhost:9876/_karma_webpack_/webpack:/node_modules/zone.js/fesm2015/zone.js:113:43)
    at runInTestZone (http://localhost:9876/_karma_webpack_/webpack:/node_modules/zone.js/fesm2015/zone-testing.js:213:38)
    at UserContext.<anonymous> (http://localhost:9876/_karma_webpack_/webpack:/node_modules/zone.js/fesm2015/zone-testing.js:231:32)
    at ZoneQueueRunner.attempt (http://localhost:9876/base/node_modules/karma-jasmine/node_modules/jasmine-core/lib/jasmine-core/jasmine.js?86d98e11f43f2c8cfac9fb4806ed6c0aced74cbe:7643:40)
    at ZoneQueueRunner.QueueRunner.run (http://localhost:9876/base/node_modules/karma-jasmine/node_modules/jasmine-core/lib/jasmine-core/jasmine.js?86d98e11f43f2c8cfac9fb4806ed6c0aced74cbe:7670:27)
    at runNext (http://localhost:9876/base/node_modules/karma-jasmine/node_modules/jasmine-core/lib/jasmine-core/jasmine.js?86d98e11f43f2c8cfac9fb4806ed6c0aced74cbe:7574:16)[39m
Chrome Headless 142.0.0.0 (Windows 10): Executed 28 of 41[32m SUCCESS[39m (0 secs / 1.803 secs)
ERROR: 'Erro ao excluir candidato:', Error: Error deleting candidato
Error: Error deleting candidato
    at UserContext.apply (http://localhost:9876/_karma_webpack_/webpack:/src/app/candidatos/pages/candidatos-home/candidatos-home.component.spec.ts:201:19)
    at _ZoneDelegate.invoke (http://localhost:9876/_karma_webpack_/webpack:/node_modules/zone.js/fesm2015/zone.js:398:28)
    at ProxyZoneSpec.onInvoke (http://localhost:9876/_karma_webpack_/webpack:/node_modules/zone.js/fesm2015/zone-testing.js:2132:39)
    at _ZoneDelegate.invoke (http://localhost:9876/_karma_webpack_/webpack:/node_modules/zone.js/fesm2015/zone.js:397:34)
    at ZoneImpl.run (http://localhost:9876/_karma_webpack_/webpack:/node_modules/zone.js/fesm2015/zone.js:113:43)
    at runInTestZone (http://localhost:9876/_karma_webpack_/webpack:/node_modules/zone.js/fesm2015/zone-testing.js:213:38)
    at UserContext.<anonymous> (http://localhost:9876/_karma_webpack_/webpack:/node_modules/zone.js/fesm2015/zone-testing.js:231:32)
    at ZoneQueueRunner.attempt (http://localhost:9876/base/node_modules/karma-jasmine/node_modules/jasmine-core/lib/jasmine-core/jasmine.js?86d98e11f43f2c8cfac9fb4806ed6c0aced74cbe:7643:40)
    at ZoneQueueRunner.QueueRunner.run (http://localhost:9876/base/node_modules/karma-jasmine/node_modules/jasmine-core/lib/jasmine-core/jasmine.js?86d98e11f43f2c8cfac9fb4806ed6c0aced74cbe:7670:27)
    at runNext (http://localhost:9876/base/node_modules/karma-jasmine/node_modules/jasmine-core/lib/jasmine-core/jasmine.js?86d98e11f43f2c8cfac9fb4806ed6c0aced74cbe:7574:16)
[1A[2KChrome Headless 142.0.0.0 (Windows 10): Executed 29 of 41[32m SUCCESS[39m (0 secs / 2.127 secs)
[1A[2KChrome Headless 142.0.0.0 (Windows 10): Executed 30 of 41[32m SUCCESS[39m (0 secs / 2.162 secs)
[1A[2KChrome Headless 142.0.0.0 (Windows 10): Executed 31 of 41[32m SUCCESS[39m (0 secs / 2.192 secs)
[1A[2KChrome Headless 142.0.0.0 (Windows 10): Executed 32 of 41[32m SUCCESS[39m (0 secs / 2.196 secs)
[1A[2KChrome Headless 142.0.0.0 (Windows 10): Executed 33 of 41[32m SUCCESS[39m (0 secs / 2.224 secs)
[1A[2KChrome Headless 142.0.0.0 (Windows 10): Executed 34 of 41[32m SUCCESS[39m (0 secs / 2.228 secs)
[1A[2KChrome Headless 142.0.0.0 (Windows 10): Executed 35 of 41[32m SUCCESS[39m (0 secs / 2.231 secs)
[1A[2KChrome Headless 142.0.0.0 (Windows 10): Executed 36 of 41[32m SUCCESS[39m (0 secs / 2.258 secs)
[1A[2K[31mChrome Headless 142.0.0.0 (Windows 10) CandidatosHomeComponent should set disableMoreRows to false when there are more pages FAILED[39m
	Expected true to be false.
	    at <Jasmine>
	    at UserContext.apply (src/app/candidatos/pages/candidatos-home/candidatos-home.component.spec.ts:117:39)
	    at _ZoneDelegate.invoke (node_modules/zone.js/fesm2015/zone.js:398:28)
	    at ProxyZoneSpec.onInvoke (node_modules/zone.js/fesm2015/zone-testing.js:2132:39)
	    at _ZoneDelegate.invoke (node_modules/zone.js/fesm2015/zone.js:397:34)
Chrome Headless 142.0.0.0 (Windows 10): Executed 37 of 41[31m (1 FAILED)[39m (0 secs / 2.289 secs)
[1A[2KChrome Headless 142.0.0.0 (Windows 10): Executed 38 of 41[31m (1 FAILED)[39m (0 secs / 2.294 secs)
[1A[2KChrome Headless 142.0.0.0 (Windows 10): Executed 39 of 41[31m (1 FAILED)[39m (0 secs / 2.297 secs)
[1A[2KERROR: [36m'Error during cleanup of component', Object{component: AppComponent{router: Router{disposed: ..., nonRouterCurrentEntryChangeSubscription: ..., console: ..., stateManager: ..., options: ..., pendingTasks: ..., urlUpdateStrategy: ..., navigationTransitions: ..., urlSerializer: ..., location: ..., urlHandlingStrategy: ..., _events: ..., navigated: ..., routeReuseStrategy: ..., onSameUrlNavigation: ..., config: ..., componentInputBindingEnabled: ..., eventsSubscription: ...}, menus: [..., ...], __ngContext__: 3097}, stacktrace: TypeError: Cannot read properties of undefined (reading 'unsubscribe')
TypeError: Cannot read properties of undefined (reading 'unsubscribe')
    at PoMenuItemComponent.call [as ngOnDestroy] (http://localhost:9876/_karma_webpack_/webpack:/node_modules/@po-ui/ng-components/fesm2022/po-ui-ng-components.mjs:47620:31)
    at executeOnDestroys (http://localhost:9876/_karma_webpack_/webpack:/node_modules/@angular/core/fesm2022/core.mjs:13371:32)
    at cleanUpView (http://localhost:9876/_karma_webpack_/webpack:/node_modules/@angular/core/fesm2022/core.mjs:13266:9)
    at destroyViewTree (http://localhost:9876/_karma_webpack_/webpack:/node_modules/@angular/core/fesm2022/core.mjs:13203:21)
    at destroyLView (http://localhost:9876/_karma_webpack_/webpack:/node_modules/@angular/core/fesm2022/core.mjs:13240:5)
    at ViewRef.destroy (http://localhost:9876/_karma_webpack_/webpack:/node_modules/@angular/core/fesm2022/core.mjs:14682:9)
    at ComponentRef.destroy (http://localhost:9876/_karma_webpack_/webpack:/node_modules/@angular/core/fesm2022/core.mjs:18126:23)
    at ComponentFixture.destroy (http://localhost:9876/_karma_webpack_/webpack:/node_modules/@angular/core/fesm2022/testing.mjs:391:31)
    at http://localhost:9876/_karma_webpack_/webpack:/node_modules/@angular/core/fesm2022/testing.mjs:2112:25
    at Array.forEach (<anonymous>)}[39m
Chrome Headless 142.0.0.0 (Windows 10): Executed 39 of 41[31m (1 FAILED)[39m (0 secs / 2.297 secs)
ERROR: 'Error during cleanup of component', Object{component: AppComponent{router: Router{disposed: ..., nonRouterCurrentEntryChangeSubscription: ..., console: ..., stateManager: ..., options: ..., pendingTasks: ..., urlUpdateStrategy: ..., navigationTransitions: ..., urlSerializer: ..., location: ..., urlHandlingStrategy: ..., _events: ..., navigated: ..., routeReuseStrategy: ..., onSameUrlNavigation: ..., config: ..., componentInputBindingEnabled: ..., eventsSubscription: ...}, menus: [..., ...], __ngContext__: 3097}, stacktrace: TypeError: Cannot read properties of undefined (reading 'unsubscribe')
TypeError: Cannot read properties of undefined (reading 'unsubscribe')
    at PoMenuItemComponent.call [as ngOnDestroy] (http://localhost:9876/_karma_webpack_/webpack:/node_modules/@po-ui/ng-components/fesm2022/po-ui-ng-components.mjs:47620:31)
    at executeOnDestroys (http://localhost:9876/_karma_webpack_/webpack:/node_modules/@angular/core/fesm2022/core.mjs:13371:32)
    at cleanUpView (http://localhost:9876/_karma_webpack_/webpack:/node_modules/@angular/core/fesm2022/core.mjs:13266:9)
    at destroyViewTree (http://localhost:9876/_karma_webpack_/webpack:/node_modules/@angular/core/fesm2022/core.mjs:13203:21)
    at destroyLView (http://localhost:9876/_karma_webpack_/webpack:/node_modules/@angular/core/fesm2022/core.mjs:13240:5)
    at ViewRef.destroy (http://localhost:9876/_karma_webpack_/webpack:/node_modules/@angular/core/fesm2022/core.mjs:14682:9)
    at ComponentRef.destroy (http://localhost:9876/_karma_webpack_/webpack:/node_modules/@angular/core/fesm2022/core.mjs:18126:23)
    at ComponentFixture.destroy (http://localhost:9876/_karma_webpack_/webpack:/node_modules/@angular/core/fesm2022/testing.mjs:391:31)
    at http://localhost:9876/_karma_webpack_/webpack:/node_modules/@angular/core/fesm2022/testing.mjs:2112:25
    at Array.forEach (<anonymous>)}
[1A[2K[31mChrome Headless 142.0.0.0 (Windows 10) AppComponent should create the app FAILED[39m
	NullInjectorError: R3InjectorError(Standalone[AppComponent])[ActivatedRoute -> ActivatedRoute -> ActivatedRoute]: 
	  NullInjectorError: No provider for ActivatedRoute!
	error properties: Object({ ngTempTokenPath: null, ngTokenPath: [ 'ActivatedRoute', 'ActivatedRoute', 'ActivatedRoute' ] })
	    at NullInjector.get (node_modules/@angular/core/fesm2022/core.mjs:1630:27)
	    at R3Injector.get (node_modules/@angular/core/fesm2022/core.mjs:2159:33)
	    at R3Injector.get (node_modules/@angular/core/fesm2022/core.mjs:2159:33)
	    at R3Injector.get (node_modules/@angular/core/fesm2022/core.mjs:2159:33)
	    at ChainedInjector.get (node_modules/@angular/core/fesm2022/core.mjs:17337:36)
	    at lookupTokenUsingModuleInjector (node_modules/@angular/core/fesm2022/core.mjs:5081:39)
	    at getOrCreateInjectable (node_modules/@angular/core/fesm2022/core.mjs:5129:12)
	    at Module.╔Á╔ÁdirectiveInject (node_modules/@angular/core/fesm2022/core.mjs:17388:19)
	    at NodeInjectorFactory.factory (node_modules/@angular/router/fesm2022/router_module-DTJgGWLd.mjs:357:97)
	    at getNodeInjectable (node_modules/@angular/core/fesm2022/core.mjs:5341:44)
	Error: 1 component threw errors during cleanup
	    at TestBedImpl.destroyActiveFixtures (node_modules/@angular/core/fesm2022/testing.mjs:2124:19)
	    at TestBedImpl.resetTestingModule (node_modules/@angular/core/fesm2022/testing.mjs:1930:18)
	    at UserContext.apply (node_modules/@angular/core/fesm2022/testing.mjs:2291:21)
	    at _ZoneDelegate.invoke (node_modules/zone.js/fesm2015/zone.js:398:28)
	    at ProxyZoneSpec.onInvoke (node_modules/zone.js/fesm2015/zone-testing.js:2132:39)
	    at _ZoneDelegate.invoke (node_modules/zone.js/fesm2015/zone.js:397:34)
	    at ZoneImpl.run (node_modules/zone.js/fesm2015/zone.js:113:43)
	    at runInTestZone (node_modules/zone.js/fesm2015/zone-testing.js:216:38)
	    at UserContext.<anonymous> (node_modules/zone.js/fesm2015/zone-testing.js:234:32)
	    at <Jasmine>
Chrome Headless 142.0.0.0 (Windows 10): Executed 40 of 41[31m (2 FAILED)[39m (0 secs / 2.314 secs)
[1A[2KChrome Headless 142.0.0.0 (Windows 10): Executed 41 of 41[31m (2 FAILED)[39m (0 secs / 2.314 secs)
[1A[2KChrome Headless 142.0.0.0 (Windows 10): Executed 41 of 41[31m (2 FAILED)[39m (2.391 secs / 2.314 secs)
[31mTOTAL: 2 FAILED, 39 SUCCESS[39m
Ô£ö Browser application bundle generation complete.
Ô£ö Browser application bundle generation complete.
